

================================================================
== Vivado HLS Report for 'bubbleSort'
================================================================
* Date:           Mon May  6 15:55:29 2019

* Version:        2018.3 (Build 2405991 on Thu Dec 06 23:56:15 MST 2018)
* Project:        bubble
* Solution:       solution2
* Product family: virtexuplus
* Target device:  xcvu9p-fsgd2104-3-e


================================================================
== Performance Estimates
================================================================
+ Timing (ns): 
    * Summary: 
    +--------+-------+----------+------------+
    |  Clock | Target| Estimated| Uncertainty|
    +--------+-------+----------+------------+
    |ap_clk  |  10.00|     2.050|        1.25|
    +--------+-------+----------+------------+

+ Latency (clock cycles): 
    * Summary: 
    +------+--------+------+--------+---------+
    |    Latency    |    Interval   | Pipeline|
    |  min |   max  |  min |   max  |   Type  |
    +------+--------+------+--------+---------+
    |  3199|  320803|  3199|  320803|   none  |
    +------+--------+------+--------+---------+

    + Detail: 
        * Instance: 
        N/A

        * Loop: 
        +-------------+------+--------+----------+-----------+-----------+---------+----------+
        |             |    Latency    | Iteration|  Initiation Interval  |   Trip  |          |
        |  Loop Name  |  min |   max  |  Latency |  achieved |   target  |  Count  | Pipelined|
        +-------------+------+--------+----------+-----------+-----------+---------+----------+
        |- Loop 1     |   800|     800|         2|          -|          -|      400|    no    |
        |- Loop 2     |  1596|  319200|  4 ~ 800 |          -|          -|      399|    no    |
        | + Loop 2.1  |     2|     798|         2|          -|          -| 1 ~ 399 |    no    |
        |- Loop 3     |   800|     800|         2|          -|          -|      400|    no    |
        +-------------+------+--------+----------+-----------+-----------+---------+----------+



================================================================
== Utilization Estimates
================================================================
* Summary: 
+-----------------+---------+-------+---------+---------+-----+
|       Name      | BRAM_18K| DSP48E|    FF   |   LUT   | URAM|
+-----------------+---------+-------+---------+---------+-----+
|DSP              |        -|      -|        -|        -|    -|
|Expression       |        -|      -|        0|      145|    -|
|FIFO             |        -|      -|        -|        -|    -|
|Instance         |        -|      -|        -|        -|    -|
|Memory           |        1|      -|        0|        0|    -|
|Multiplexer      |        -|      -|        -|      161|    -|
|Register         |        -|      -|      125|        -|    -|
+-----------------+---------+-------+---------+---------+-----+
|Total            |        1|      0|      125|      306|    0|
+-----------------+---------+-------+---------+---------+-----+
|Available        |     4320|   6840|  2364480|  1182240|  960|
+-----------------+---------+-------+---------+---------+-----+
|Utilization (%)  |    ~0   |      0|    ~0   |    ~0   |    0|
+-----------------+---------+-------+---------+---------+-----+

+ Detail: 
    * Instance: 
    N/A

    * DSP48: 
    N/A

    * Memory: 
    +-----------+--------------------+---------+---+----+------+-----+------+-------------+
    |   Memory  |       Module       | BRAM_18K| FF| LUT| Words| Bits| Banks| W*Bits*Banks|
    +-----------+--------------------+---------+---+----+------+-----+------+-------------+
    |num_l_V_U  |bubbleSort_num_l_V  |        1|  0|   0|   400|   10|     1|         4000|
    +-----------+--------------------+---------+---+----+------+-----+------+-------------+
    |Total      |                    |        1|  0|   0|   400|   10|     1|         4000|
    +-----------+--------------------+---------+---+----+------+-----+------+-------------+

    * FIFO: 
    N/A

    * Expression: 
    +---------------------------+----------+-------+---+----+------------+------------+
    |       Variable Name       | Operation| DSP48E| FF| LUT| Bitwidth P0| Bitwidth P1|
    +---------------------------+----------+-------+---+----+------------+------------+
    |i_V_fu_173_p2              |     +    |      0|  0|  16|           9|           1|
    |indvars_iv_next_fu_201_p2  |     +    |      0|  0|  16|           9|           2|
    |q_V_1_fu_219_p2            |     +    |      0|  0|  16|           9|           1|
    |q_V_fu_156_p2              |     +    |      0|  0|  16|           9|           1|
    |ret_V_fu_185_p2            |     +    |      0|  0|  16|           9|           1|
    |exitcond1_fu_179_p2        |   icmp   |      0|  0|  13|           9|           9|
    |exitcond_fu_167_p2         |   icmp   |      0|  0|  13|           9|           8|
    |tmp_4_fu_207_p2            |   icmp   |      0|  0|  13|          10|          10|
    |tmp_7_fu_213_p2            |   icmp   |      0|  0|  13|           9|           8|
    |tmp_fu_150_p2              |   icmp   |      0|  0|  13|           9|           8|
    +---------------------------+----------+-------+---+----+------------+------------+
    |Total                      |          |      0|  0| 145|          91|          49|
    +---------------------------+----------+-------+---+----+------------+------------+

    * Multiplexer: 
    +--------------------+----+-----------+-----+-----------+
    |        Name        | LUT| Input Size| Bits| Total Bits|
    +--------------------+----+-----------+-----+-----------+
    |ap_NS_fsm           |  44|          9|    1|          9|
    |indvars_iv_reg_105  |   9|          2|    9|         18|
    |num_V_address0      |  15|          3|    9|         27|
    |num_l_V_address0    |  21|          4|    9|         36|
    |num_l_V_address1    |  21|          4|    9|         36|
    |num_l_V_d0          |  15|          3|   10|         30|
    |t_V_1_reg_139       |   9|          2|    9|         18|
    |t_V_2_reg_117       |   9|          2|    9|         18|
    |t_V_3_reg_128       |   9|          2|    9|         18|
    |t_V_reg_94          |   9|          2|    9|         18|
    +--------------------+----+-----------+-----+-----------+
    |Total               | 161|         33|   83|        228|
    +--------------------+----+-----------+-----+-----------+

    * Register: 
    +------------------------+---+----+-----+-----------+
    |          Name          | FF| LUT| Bits| Const Bits|
    +------------------------+---+----+-----+-----------+
    |ap_CS_fsm               |  8|   0|    8|          0|
    |i_V_reg_251             |  9|   0|    9|          0|
    |indvars_iv_reg_105      |  9|   0|    9|          0|
    |num_l_V_addr_2_reg_264  |  9|   0|    9|          0|
    |num_l_V_addr_3_reg_270  |  9|   0|    9|          0|
    |q_V_1_reg_287           |  9|   0|    9|          0|
    |q_V_reg_233             |  9|   0|    9|          0|
    |ret_V_reg_259           |  9|   0|    9|          0|
    |t_V_1_reg_139           |  9|   0|    9|          0|
    |t_V_2_reg_117           |  9|   0|    9|          0|
    |t_V_3_reg_128           |  9|   0|    9|          0|
    |t_V_reg_94              |  9|   0|    9|          0|
    |tmp_3_reg_238           |  9|   0|   64|         55|
    |tmp_s_reg_292           |  9|   0|   64|         55|
    +------------------------+---+----+-----+-----------+
    |Total                   |125|   0|  235|        110|
    +------------------------+---+----+-----+-----------+



================================================================
== Interface
================================================================
* Summary: 
+----------------+-----+-----+------------+--------------+--------------+
|    RTL Ports   | Dir | Bits|  Protocol  | Source Object|    C Type    |
+----------------+-----+-----+------------+--------------+--------------+
|ap_clk          |  in |    1| ap_ctrl_hs |  bubbleSort  | return value |
|ap_rst          |  in |    1| ap_ctrl_hs |  bubbleSort  | return value |
|ap_start        |  in |    1| ap_ctrl_hs |  bubbleSort  | return value |
|ap_done         | out |    1| ap_ctrl_hs |  bubbleSort  | return value |
|ap_idle         | out |    1| ap_ctrl_hs |  bubbleSort  | return value |
|ap_ready        | out |    1| ap_ctrl_hs |  bubbleSort  | return value |
|num_V_address0  | out |    9|  ap_memory |     num_V    |     array    |
|num_V_ce0       | out |    1|  ap_memory |     num_V    |     array    |
|num_V_we0       | out |    1|  ap_memory |     num_V    |     array    |
|num_V_d0        | out |   10|  ap_memory |     num_V    |     array    |
|num_V_q0        |  in |   10|  ap_memory |     num_V    |     array    |
+----------------+-----+-----+------------+--------------+--------------+

